------------------------------------------------------------
Timing Analyzer Summary
------------------------------------------------------------

Type  : Slow 1200mV 85C Model Setup 'cfreq[5]'
Slack : -1.299
TNS   : -9.427

Type  : Slow 1200mV 85C Model Setup 'clk'
Slack : -1.262
TNS   : -5.756

Type  : Slow 1200mV 85C Model Hold 'cfreq[5]'
Slack : 0.454
TNS   : 0.000

Type  : Slow 1200mV 85C Model Hold 'clk'
Slack : 0.739
TNS   : 0.000

Type  : Slow 1200mV 85C Model Minimum Pulse Width 'clk'
Slack : -3.000
TNS   : -11.922

Type  : Slow 1200mV 85C Model Minimum Pulse Width 'cfreq[5]'
Slack : -1.487
TNS   : -17.844

Type  : Slow 1200mV 0C Model Setup 'clk'
Slack : -1.134
TNS   : -4.713

Type  : Slow 1200mV 0C Model Setup 'cfreq[5]'
Slack : -1.111
TNS   : -7.894

Type  : Slow 1200mV 0C Model Hold 'cfreq[5]'
Slack : 0.403
TNS   : 0.000

Type  : Slow 1200mV 0C Model Hold 'clk'
Slack : 0.688
TNS   : 0.000

Type  : Slow 1200mV 0C Model Minimum Pulse Width 'clk'
Slack : -3.000
TNS   : -11.922

Type  : Slow 1200mV 0C Model Minimum Pulse Width 'cfreq[5]'
Slack : -1.487
TNS   : -17.844

Type  : Fast 1200mV 0C Model Setup 'clk'
Slack : -0.473
TNS   : -0.473

Type  : Fast 1200mV 0C Model Setup 'cfreq[5]'
Slack : 0.021
TNS   : 0.000

Type  : Fast 1200mV 0C Model Hold 'cfreq[5]'
Slack : 0.187
TNS   : 0.000

Type  : Fast 1200mV 0C Model Hold 'clk'
Slack : 0.294
TNS   : 0.000

Type  : Fast 1200mV 0C Model Minimum Pulse Width 'clk'
Slack : -3.000
TNS   : -9.390

Type  : Fast 1200mV 0C Model Minimum Pulse Width 'cfreq[5]'
Slack : -1.000
TNS   : -12.000

------------------------------------------------------------
